// Jest Snapshot v1, https://goo.gl/fbAQLP

exports[`SuccessPage should render the default layour 1`] = `
<div class="ddm-page-success-layout">
  <div class="form-builder-success-page pt-2 pb-3">
    <label class="control-label">Title</label>
    <input data-setting="title" class="form-builder-success-page-title form-control" value="" type="text">
    <br>
    <label class="control-label">Content</label>
    <input data-setting="body" class="form-builder-success-page-content form-control" value="" type="text">
  </div>
</div>
`;
